// Jest Snapshot v1, https://goo.gl/fbAQLP

exports[`ImagePreviewWithFocalPoint should render the image preview with a focal point 1`] = `
<div>
  <div
    class=""
  >
    <div
      style="width: 320px; height: 180px; overflow: hidden; position: relative;"
    >
      <img
        alt="Preview with cropping applied"
        src="https://mycdn.com/some_image.png"
        style="width: 320px; height: 215px; transform: translate3d(0px, 0px, 0); transition: transform 0.3s cubic-bezier(0.13, 0.62, 0.11, 0.99);"
      />
    </div>
    <p
      class="css-qslnu8"
    >
      Desktop
    </p>
  </div>
</div>
`;
