// Jest Snapshot v1, https://goo.gl/fbAQLP

exports[`NoIssues: renders correctly 1`] = `
<div
  className="typography"
>
  <div
    className="align-center"
  >
    <div
      className="f36-margin-right--xs"
      color="positive"
      icon="CheckCircle"
    />
    No issues found
  </div>
  <div
    className="bottom-margin-none"
  >
    All checked files seem to be free on insenstive language. Good job!
  </div>
</div>
`;
