// Jest Snapshot v1, https://goo.gl/fbAQLP

exports[`NetlifyExtension should render the NetlifySideBarBuildButton and be interactive 1`] = `
<div>
  <div
    class="css-a9p51s"
  >
    <button
      class="Button__Button___1ZfFj a11y__focus-border--default___60AXp css-82qlwu Button__Button--primary___JImeO Button__Button--disabled___1E20M Button__Button--full-width___3Fmpo"
      data-test-id="cf-ui-button"
      data-testid="build-button"
      disabled=""
      type="button"
    >
      <span
        class="TabFocusTrap__TabFocusTrap___39Vty Button__Button__inner-wrapper___3qrNC"
        tabindex="-1"
      >
        <span
          class="Button__Button__label___3tcOj"
        >
          Build
        </span>
      </span>
    </button>
  </div>
  <div
    class="Select__Select__wrapper___2pBIz Select__Select--full___7ei7d"
  >
    <select
      class="Select__Select___31Z46 a11y__focus-border--default___60AXp"
      data-test-id="cf-ui-select"
    >
      <option
        data-test-id="cf-ui-select-option"
        value="0"
      >
        upbeat
      </option>
      <option
        data-test-id="cf-ui-select-option"
        value="1"
      >
        friendly
      </option>
    </select>
    <svg
      class="Icon__Icon___38Epv Select__Select__icon___boRAZ Icon__Icon--small___1yGZK Icon__Icon--muted___3egnD"
      data-test-id="cf-ui-icon"
      height="24"
      viewBox="0 0 24 24"
      width="24"
      xmlns="http://www.w3.org/2000/svg"
    >
      <path
        d="M7 10l5 5 5-5z"
      />
      <path
        d="M0 0h24v24H0z"
        fill="none"
      />
    </svg>
  </div>
</div>
`;
