// Jest Snapshot v1, https://goo.gl/fbAQLP

exports[`CommerceToolsDialog renders correctly 1`] = `
Array [
  <div
    className="picker-container"
  />,
  <div
    buttonType="positive"
    className="button"
    onClick={[Function]}
  >
    Insert selected Products
  </div>,
  <div
    buttonType="muted"
    className="button"
    onClick={[Function]}
  >
    Cancel
  </div>,
]
`;
