// Jest Snapshot v1, https://goo.gl/fbAQLP

exports[`CommerceToolsDialog renders correctly 1`] = `
Array [
  <div
    className="picker-container"
  />,
  <div
    className="picker-controls"
  >
    <div
      buttonType="positive"
      className="button"
      onClick={[Function]}
      style={
        Object {
          "marginRight": 16,
        }
      }
    >
      Insert selected Products
    </div>
    <div
      buttonType="muted"
      className="button"
      onClick={[Function]}
    >
      Cancel
    </div>
  </div>,
  <div>
     
  </div>,
]
`;
